// Jest Snapshot v1, https://goo.gl/fbAQLP

exports[`<Header /> should render properly 1`] = `
<div
  className="header"
>
  <span
    className="title"
  >
    cmon step it up
  </span>
</div>
`;
